<area shape="rect" href="$dewall_8c.html#dcf3a2ce8e3acbe8a30d0638507208e7" title="deWall" alt="" coords="116,332,175,359">
<area shape="rect" href="$simplex_8c.html#97b9f1e24153cf2618773608d1589a47" title="extract_list" alt="" coords="249,5,335,32">
<area shape="rect" href="$simplex_8c.html#e54ca4f3f062bb00c4c51bd2e4480f7f" title="initialize_face_list" alt="" coords="231,59,353,85">
<area shape="rect" href="$dewall_8c.html#6ede9dc7c8641a6678de6558fad4d2c6" title="initialize_plane" alt="" coords="239,113,345,140">
<area shape="rect" href="$simplex_8c.html#8446ea58f16dbe8e11b44c2fc8117e32" title="insert_list" alt="" coords="253,173,331,200">
<area shape="rect" href="$simplex_8c.html#fffa4aaae1191070a2b32d7d2ce1cd74" title="insert_simplex" alt="" coords="240,243,344,269">
<area shape="rect" href="$simplex_8c.html#abad087e328ee69fc4ab91ccd49c480a" title="intersect" alt="" coords="256,331,328,357">
<area shape="rect" href="$simplex_8c.html#8e51a198b9cd706c69770e88a89ead39" title="invertAxis" alt="" coords="252,383,332,409">
<area shape="rect" href="$dewall_8c.html#7b4519818adb8efaba8259ad8b81f893" title="make_first_simplex" alt="" coords="225,433,359,460">
<area shape="rect" href="$dewall_8c.html#c59b49f8cbb69bf3be327a9b737d00ee" title="make_simplex" alt="" coords="240,484,344,511">
<area shape="rect" href="$dewall_8c.html#a0e891ce9b203040905142579eff9d8e" title="pointset_partition" alt="" coords="232,535,352,561">
<area shape="rect" href="$simplex_8h.html#ce66725b5d239915af3b28a503190512" title="print_points" alt="" coords="248,585,336,612">
<area shape="rect" href="$simplex_8c.html#508616c95da88cccfc03386142e9dc33" title="update_face" alt="" coords="247,636,337,663">
